1 GA Finanzrecht
1 GB Finanzrecht
1 GC Finanzrecht
1 GD Finanzrecht
1 HA Schweizerische Steuer-Gesetzgebung und -Judikatur
1 HAB Schweizerische Steuer-Gesetzgebung und -Judikatur
1 HB Schweizerische Steuer-Gesetzgebung und -Judikatur
1 JA Allgemeine Steuerrechtsliteratur
1 JB Allgemeine Steuerrechtsliteratur
1 JC Allgemeine Steuerrechtsliteratur
1 JD Allgemeine Steuerrechtsliteratur
1 JE Allgemeine Steuerrechtsliteratur
1 KA Ausländisches Steuerrecht
1 KB Ausländisches Steuerrecht
1 KC Ausländisches Steuerrecht
1 KD Ausländisches Steuerrecht
1 KE Ausländisches Steuerrecht
1 KF Ausländisches Steuerrecht
1 KG Ausländisches Steuerrecht
1 KH Ausländisches Steuerrecht
1 KJ Ausländisches Steuerrecht
1 KK Ausländisches Steuerrecht
1 KL Ausländisches Steuerrecht
1 KM Ausländisches Steuerrecht
1 KN Ausländisches Steuerrecht
1 KO Ausländisches Steuerrecht
1 LA Interkantonales/Internationales Steuerrecht
1 LB Interkantonales/Internationales Steuerrecht
1 LC Interkantonales/Internationales Steuerrecht
1 LD Interkantonales/Internationales Steuerrecht
1 LE Interkantonales/Internationales Steuerrecht
1 LF Interkantonales/Internationales Steuerrecht
1 LG Interkantonales/Internationales Steuerrecht
1 LH Interkantonales/Internationales Steuerrecht
1 LM Interkantonales/Internationales Steuerrecht
1 LN Interkantonales/Internationales Steuerrecht
1 LP Interkantonales/Internationales Steuerrecht
1 LV Interkantonales/Internationales Steuerrecht
1 M Verfahrensrecht und Steuerstrafrecht
1 MA Verfahrensrecht und Steuerstrafrecht
1 MB Verfahrensrecht und Steuerstrafrecht
1 MC Verfahrensrecht und Steuerstrafrecht
1 MD Verfahrensrecht und Steuerstrafrecht
1 ME Verfahrensrecht und Steuerstrafrecht
1 MF Verfahrensrecht und Steuerstrafrecht
1 MH Verfahrensrecht und Steuerstrafrecht
1 MJ Verfahrensrecht und Steuerstrafrecht
1 MK Verfahrensrecht und Steuerstrafrecht
1 OA Grundbegriffe und Geschichte der Steuern
1 OB Grundbegriffe und Geschichte der Steuern
1 OC Grundbegriffe und Geschichte der Steuern
1 OD Grundbegriffe und Geschichte der Steuern
1 OE Grundbegriffe und Geschichte der Steuern
1 OF Grundbegriffe und Geschichte der Steuern
1 OG Grundbegriffe und Geschichte der Steuern
1 OH Grundbegriffe und Geschichte der Steuern
1 P Einkommen- und Vermögensteuern, Ertrag- und Kapitalsteuern
1 PA Einkommen- und Vermögensteuern, Ertrag- und Kapitalsteuern
1 PB Einkommen- und Vermögensteuern, Ertrag- und Kapitalsteuern
1 PC Einkommen- und Vermögensteuern, Ertrag- und Kapitalsteuern
1 PD Einkommen- und Vermögensteuern, Ertrag- und Kapitalsteuern
1 PE Einkommen- und Vermögensteuern, Ertrag- und Kapitalsteuern
1 PF Einkommen- und Vermögensteuern, Ertrag- und Kapitalsteuern
1 PG Einkommen- und Vermögensteuern, Ertrag- und Kapitalsteuern
1 PH Einkommen- und Vermögensteuern, Ertrag- und Kapitalsteuern
1 PJ Einkommen- und Vermögensteuern, Ertrag- und Kapitalsteuern
1 PK Einkommen- und Vermögensteuern, Ertrag- und Kapitalsteuern
1 PL Einkommen- und Vermögensteuern, Ertrag- und Kapitalsteuern
1 PM Einkommen- und Vermögensteuern, Ertrag- und Kapitalsteuern
1 PN Einkommen- und Vermögensteuern, Ertrag- und Kapitalsteuern
1 PO Einkommen- und Vermögensteuern, Ertrag- und Kapitalsteuern
1 PP Einkommen- und Vermögensteuern, Ertrag- und Kapitalsteuern
1 PQ Einkommen- und Vermögensteuern, Ertrag- und Kapitalsteuern
1 PR Einkommen- und Vermögensteuern, Ertrag- und Kapitalsteuern
1 QA Verbrauchsteuern
1 QB Verbrauchsteuern
1 QC Verbrauchsteuern
1 QD Verbrauchsteuern
1 QE Verbrauchsteuern
1 RA Uebrige Steuern
1 RB Uebrige Steuern
1 RC Uebrige Steuern
1 RD Uebrige Steuern
1 SA Steuerausweichung
1 SB Steuerausweichung
1 SC Steuerausweichung
1 SD Steuerausweichung
1 TA Finanz- und Steuerpolitik (Finanzreform)
1 TA Sep. 11 Finanz- und Steuerpolitik (Finanzreform)
1 TA Sep. 71 Finanz- und Steuerpolitik (Finanzreform)
1 TB Finanz- und Steuerpolitik (Finanzreform)
1 TC Finanz- und Steuerpolitik (Finanzreform)
1 TD Finanz- und Steuerpolitik (Finanzreform)
1 TD - Finanz- und Steuerpolitik (Finanzreform)
1 TD Sep. 06 Finanz- und Steuerpolitik (Finanzreform)
1 TE Finanz- und Steuerpolitik (Finanzreform)
1 WA Uebrige Literatur
1 WA Sep. 02 Uebrige Literatur
1 WB Uebrige Literatur
1 WB 179 Uebrige Literatur
1 WC Uebrige Literatur
1 WD Uebrige Literatur
1 WD Sep. 08 Uebrige Literatur
1 YB Wirtschaftswissenschaften
1 YC Wirtschaftswissenschaften
1 YD Wirtschaftswissenschaften
1 YG Wirtschaftswissenschaften
1 YJ Wirtschaftswissenschaften
1 YK Wirtschaftswissenschaften
1 YL1 Wirtschaftswissenschaften
1 YL2 Wirtschaftswissenschaften
1 YL3 Wirtschaftswissenschaften
1 YL4 Wirtschaftswissenschaften
1 YL5 Wirtschaftswissenschaften
1 YL7 Wirtschaftswissenschaften
1 YL8 Wirtschaftswissenschaften
1 YL9 Wirtschaftswissenschaften
1 YM Wirtschaftswissenschaften
1 YN Wirtschaftswissenschaften
1 YP Wirtschaftswissenschaften
1 YQ Wirtschaftswissenschaften
1 YR Wirtschaftswissenschaften
1 YU Wirtschaftswissenschaften
1 YV Wirtschaftswissenschaften
1 YW Wirtschaftswissenschaften
1 YX Wirtschaftswissenschaften
1 YY Wirtschaftswissenschaften
1 Z Zeitschriften
2 GA Allgemeines
2 GB Finanzreferendum
2 GC Kausalabgaben
2 GD Finanzkontrolle
2 HA Steuergesetzgebung (Bund, einzelne Kantone)
2 HAB Steuergesetzgebung (Bund, einzelne Kantone)
2 HB Judikatur, Entscheidungssammlungen (Bund, einzelne Kantone)
2 JA Allgemeines, Lehrbücher
2 JB Festschriften, Sammelwerke, Bibliographien
2 JC Schweizerische Kommentare und Handbücher
2 JD Grundsätze der Rechtsanwendung
2 JE Varia
2 KA Staatenverbände, Staatengruppen
2 KB Deutschland
2 KC USA
2 KD Oesterreich
2 KE Frankreich
2 KF Italien
2 KG England
2 KH Uebriges Europa
2 KJ Kanada
2 KK Südamerika
2 KL Asien
2 KM Afrika
2 KN Australien
2 KO Uebrige Staaten
2 LA Allgemeines
2 LB Interkantonales Steuerrecht
2 LC Internationales Steuerrecht
2 LD Deutschland
2 LE USA
2 LF Frankreich
2 LG England
2 LH Niederlande
2 LM Italien
2 LN Kanada
2 LP Oesterreich
2 LV Uebrige Staaten
2 M Allgemeines Verfahrensrecht
2 MA Allgemeines Verfahrensrecht
2 MB Veranlagungsbehörden
2 MC Veranlagungsverfahren
2 MD Rechtsmittelverfahren
2 ME Revision rechtskräftiger Entscheidungen
2 MF Steuerbezug
2 MH Allgemeines Steuerstrafrecht
2 MJ Steuerhinterziehung
2 MK Steuerbetrug
2 OA Steuerrechtsverhältnis allgemein
2 OB Steuerhoheit
2 OC Steuersubjekt
2 OD Steuerobjekt
2 OE Steuerbemessung
2 OF Steuermass
2 OG Geschichte des Steuerwesens
2 OH Uebrige Grundbegriffe
2 P Allgemeines
2 PA Allgemeines
2 PB Einkommen- und Vermögensteuern: Steuerhoheit und subjektive Steuerpflicht
2 PC Einkommensteuer allgemein
2 PD Einkommen Unselbständigerwerbender
2 PE Einkommen Selbständigerwerbender, Unternehmungsbesteuerung
2 PF Vermögensertrag
2 PG Einkommen aus anderen Quellen
2 PH Ausserordentliches Einkommen
2 PJ Vermögensteuer
2 PK Besteuerung juristischer Personen, Kapitalgesellschaften
2 PL Gewinnsteuer der Kapitalgesellschaften
2 PM Kapitalsteuer der Kapitalgesellschaften
2 PN Besondere Arten von juristischen Personen
2 PN 101 Besondere Arten von juristischen Personen
2 PO Vermögens- und Grundstückgewinnsteuern
2 PP Verrechnungssteuer
2 PQ Militärpflichtersatz
2 PR Uebrige direkte Steuern
2 QA Allgemein
2 QB Umsatzsteuer
2 QC Getränkesteuer
2 QD Tabaksteuer
2 QE Vergnügungsteuer
2 RA Stempelabgabe, Wertpapier-Umsatzsteuer
2 RB Erbschaft- und Schenkungsteuer
2 RC Handänderungsteuer
2 RD Uebrige Steuern
2 SA Steuereinsparung
2 SB Steuerumgehung
2 SC Steuerüberwälzung
2 SD Steuerwiderstand
2 TA Bund
2 TA Sep. 11 Bund
2 TA Sep. 71 Bund
2 TB Kantone
2 TC Gemeinden
2 TD Ausland
2 TD - Ausland
2 TD Sep. 06 Ausland
2 TE Steuerharmonisierung
2 WA BWL
2 WA Sep. 02 BWL
2 WB Oeffentliches Recht
2 WB 179 Oeffentliches Recht
2 WC Privatrecht
2 WD Diverse Gebiete, Umweltschutz
2 WD Sep. 08 Diverse Gebiete, Umweltschutz
2 YB Allgemeines. Methoden der W. Unterrichts- und Ausbildungsmethoden in den W., Wirtschaftspädagogik
2 YC Wirtschaftstheorie, einschliesslich Geldtheorie
2 YD Allgemeine Wirtschaftspolitik. Wirtschaftssysteme
2 YG Wirtschaftskunde und Allgemeines. Länder- und regionalstatisches Material. Einzelne Länder
2 YJ Volkswirtschaftliches Rechnungswesen. Sonstiges, einzelnen Gruppen nicht zuweisbares statistisches Material
2 YK Geld, Kredit- und Bankwesen. Bankbetriebslehre
2 YL1 Finanzwissenschaft. Betriebswirtschaftliche Steuerlehre
2 YL2 Finanzwissenschaft. Betriebswirtschaftliche Steuerlehre
2 YL3 Finanzwissenschaft. Betriebswirtschaftliche Steuerlehre
2 YL4 Finanzwissenschaft. Betriebswirtschaftliche Steuerlehre
2 YL5 Finanzwissenschaft. Betriebswirtschaftliche Steuerlehre
2 YL7 Finanzwissenschaft. Betriebswirtschaftliche Steuerlehre
2 YL8 Finanzwissenschaft. Betriebswirtschaftliche Steuerlehre
2 YL9 Finanzwissenschaft. Betriebswirtschaftliche Steuerlehre
2 YM Internationaler Handel. Zahlungsbilanz und Wechselkurse
2 YN Konjunkturschwankungen, Stabilitätspolitik
2 YP Allgemeine Betriebswirtschaftslehre
2 YQ Spezielle Betriebswirtschaftslehren
2 YR Gewerbepolitik. Einzelne Wirtschaftszweige
2 YU Demographie
2 YV Arbeitnehmerfragen (Labor Economics)
2 YW Hauswirtschaft und privater Verbrauch
2 YX Sozialpolitik. Gesundheitswesen. Bildungsökonomie
2 YY Regionale Wirtschaftspolitik. Stadtplanung
3 YK Haushaltsaufstellung, -verwaltung und -kontrolle
3 YL1 Allgemeines
3 YL2 Haushaltsaufstellung, -verwaltung und -kontrolle
3 YL3 Finanzwirtschaft untergeordneter Gebietskörperschaften
3 YL4 Finanzausgleich
3 YL5 Finanzwirtschaft supranationaler Behörden
3 YL7 Finanzpolitik. Fiscal Policy. Finanzwirtschaft und Finanzpolitik einzelner Länder
3 YL8 Allgemeine Steuerlehre, Steuersystem einzelner Länder
3 YL9 Betriebswirtschaftliche Steuerlehre